Starting a Gradle Daemon, 1 incompatible and 4 stopped Daemons could not be reused, use --status for details
> Task :app:preBuild UP-TO-DATE
> Task :app:preDebugBuild UP-TO-DATE
> Task :app:mergeDebugNativeDebugMetadata NO-SOURCE
> Task :app:checkKotlinGradlePluginConfigurationErrors SKIPPED
> Task :app:dataBindingMergeDependencyArtifactsDebug UP-TO-DATE
> Task :app:generateDebugResValues UP-TO-DATE
> Task :app:generateDebugResources
> Task :core:preBuild UP-TO-DATE
> Task :core:preDebugBuild UP-TO-DATE
> Task :core:generateDebugResValues UP-TO-DATE
> Task :core:generateDebugResources UP-TO-DATE
> Task :core:packageDebugResources UP-TO-DATE
> Task :data:preBuild UP-TO-DATE
> Task :data:preDebugBuild UP-TO-DATE
> Task :data:generateDebugResValues UP-TO-DATE
> Task :data:generateDebugResources UP-TO-DATE
> Task :data:packageDebugResources UP-TO-DATE
> Task :domain:preBuild UP-TO-DATE
> Task :domain:preDebugBuild UP-TO-DATE
> Task :domain:generateDebugResValues UP-TO-DATE
> Task :domain:generateDebugResources UP-TO-DATE
> Task :domain:packageDebugResources UP-TO-DATE
> Task :presentation:preBuild UP-TO-DATE
> Task :presentation:preDebugBuild UP-TO-DATE
> Task :presentation:generateDebugResValues UP-TO-DATE
> Task :presentation:generateDebugResources UP-TO-DATE
> Task :presentation:packageDebugResources UP-TO-DATE
> Task :app:packageDebugResources
> Task :app:parseDebugLocalResources
> Task :core:dataBindingMergeDependencyArtifactsDebug UP-TO-DATE
> Task :core:parseDebugLocalResources UP-TO-DATE
> Task :core:dataBindingGenBaseClassesDebug UP-TO-DATE
> Task :core:generateDebugRFile UP-TO-DATE
> Task :data:parseDebugLocalResources UP-TO-DATE
> Task :data:generateDebugRFile UP-TO-DATE
> Task :domain:parseDebugLocalResources UP-TO-DATE
> Task :domain:generateDebugRFile UP-TO-DATE
> Task :presentation:dataBindingMergeDependencyArtifactsDebug UP-TO-DATE
> Task :presentation:parseDebugLocalResources UP-TO-DATE
> Task :presentation:dataBindingGenBaseClassesDebug UP-TO-DATE
> Task :presentation:generateDebugRFile UP-TO-DATE
> Task :core:writeDebugAarMetadata UP-TO-DATE
> Task :data:writeDebugAarMetadata UP-TO-DATE
> Task :domain:writeDebugAarMetadata UP-TO-DATE
> Task :presentation:writeDebugAarMetadata UP-TO-DATE
> Task :app:mergeDebugResources
> Task :app:checkDebugAarMetadata UP-TO-DATE
> Task :app:dataBindingGenBaseClassesDebug UP-TO-DATE
> Task :app:mapDebugSourceSetPaths
> Task :app:createDebugCompatibleScreenManifests UP-TO-DATE
> Task :app:extractDeepLinksDebug UP-TO-DATE
> Task :core:extractDeepLinksDebug UP-TO-DATE
> Task :core:processDebugManifest UP-TO-DATE
> Task :data:extractDeepLinksDebug UP-TO-DATE
> Task :data:processDebugManifest UP-TO-DATE
> Task :domain:extractDeepLinksDebug UP-TO-DATE
> Task :domain:processDebugManifest UP-TO-DATE
> Task :presentation:extractDeepLinksDebug UP-TO-DATE
> Task :presentation:processDebugManifest UP-TO-DATE
> Task :app:processDebugMainManifest
> Task :app:processDebugManifest
> Task :core:compileDebugLibraryResources UP-TO-DATE
> Task :data:compileDebugLibraryResources UP-TO-DATE
> Task :domain:compileDebugLibraryResources UP-TO-DATE
> Task :presentation:compileDebugLibraryResources UP-TO-DATE
> Task :core:checkKotlinGradlePluginConfigurationErrors SKIPPED
> Task :app:processDebugManifestForPackage
> Task :core:javaPreCompileDebug UP-TO-DATE
> Task :data:checkKotlinGradlePluginConfigurationErrors SKIPPED
> Task :domain:checkKotlinGradlePluginConfigurationErrors SKIPPED
> Task :domain:javaPreCompileDebug UP-TO-DATE
> Task :data:javaPreCompileDebug UP-TO-DATE
> Task :presentation:checkKotlinGradlePluginConfigurationErrors SKIPPED
> Task :presentation:javaPreCompileDebug UP-TO-DATE
> Task :app:javaPreCompileDebug UP-TO-DATE
> Task :app:mergeDebugShaders UP-TO-DATE
> Task :app:compileDebugShaders NO-SOURCE
> Task :app:generateDebugAssets UP-TO-DATE
> Task :core:mergeDebugShaders UP-TO-DATE
> Task :core:compileDebugShaders NO-SOURCE
> Task :core:generateDebugAssets UP-TO-DATE
> Task :core:mergeDebugAssets UP-TO-DATE
> Task :data:mergeDebugShaders UP-TO-DATE
> Task :data:compileDebugShaders NO-SOURCE
> Task :data:generateDebugAssets UP-TO-DATE
> Task :data:mergeDebugAssets UP-TO-DATE
> Task :domain:mergeDebugShaders UP-TO-DATE
> Task :domain:compileDebugShaders NO-SOURCE
> Task :domain:generateDebugAssets UP-TO-DATE
> Task :domain:mergeDebugAssets UP-TO-DATE
> Task :presentation:mergeDebugShaders UP-TO-DATE
> Task :presentation:compileDebugShaders NO-SOURCE
> Task :presentation:generateDebugAssets UP-TO-DATE
> Task :presentation:mergeDebugAssets UP-TO-DATE
> Task :app:mergeDebugAssets UP-TO-DATE
> Task :app:compressDebugAssets UP-TO-DATE
> Task :app:desugarDebugFileDependencies UP-TO-DATE
> Task :app:checkDebugDuplicateClasses UP-TO-DATE
> Task :app:mergeExtDexDebug UP-TO-DATE
> Task :app:mergeDebugJniLibFolders UP-TO-DATE
> Task :core:mergeDebugJniLibFolders UP-TO-DATE
> Task :core:mergeDebugNativeLibs NO-SOURCE
> Task :core:copyDebugJniLibsProjectOnly UP-TO-DATE
> Task :data:mergeDebugJniLibFolders UP-TO-DATE
> Task :data:mergeDebugNativeLibs NO-SOURCE
> Task :data:copyDebugJniLibsProjectOnly UP-TO-DATE
> Task :domain:mergeDebugJniLibFolders UP-TO-DATE
> Task :domain:mergeDebugNativeLibs NO-SOURCE
> Task :domain:copyDebugJniLibsProjectOnly UP-TO-DATE
> Task :presentation:mergeDebugJniLibFolders UP-TO-DATE
> Task :presentation:mergeDebugNativeLibs NO-SOURCE
> Task :presentation:copyDebugJniLibsProjectOnly UP-TO-DATE
> Task :app:mergeDebugNativeLibs UP-TO-DATE
> Task :app:stripDebugDebugSymbols UP-TO-DATE
> Task :app:validateSigningDebug UP-TO-DATE
> Task :app:writeDebugAppMetadata UP-TO-DATE
> Task :app:writeDebugSigningConfigVersions UP-TO-DATE
> Task :core:stripDebugDebugSymbols NO-SOURCE
> Task :core:copyDebugJniLibsProjectAndLocalJars UP-TO-DATE
> Task :core:extractDeepLinksForAarDebug UP-TO-DATE
> Task :core:prepareDebugArtProfile UP-TO-DATE
> Task :core:prepareLintJarForPublish UP-TO-DATE
> Task :data:stripDebugDebugSymbols NO-SOURCE
> Task :data:copyDebugJniLibsProjectAndLocalJars UP-TO-DATE
> Task :data:extractDeepLinksForAarDebug UP-TO-DATE
> Task :data:prepareDebugArtProfile UP-TO-DATE
> Task :data:prepareLintJarForPublish UP-TO-DATE
> Task :domain:stripDebugDebugSymbols NO-SOURCE
> Task :domain:copyDebugJniLibsProjectAndLocalJars UP-TO-DATE
> Task :domain:extractDeepLinksForAarDebug UP-TO-DATE
> Task :domain:prepareDebugArtProfile UP-TO-DATE
> Task :domain:prepareLintJarForPublish UP-TO-DATE
> Task :presentation:stripDebugDebugSymbols NO-SOURCE
> Task :presentation:copyDebugJniLibsProjectAndLocalJars UP-TO-DATE
> Task :presentation:extractDeepLinksForAarDebug UP-TO-DATE
> Task :presentation:prepareDebugArtProfile UP-TO-DATE
> Task :presentation:prepareLintJarForPublish UP-TO-DATE
> Task :core:kspDebugKotlin
> Task :app:processDebugResources
> Task :domain:compileDebugKotlin
> Task :domain:compileDebugJavaWithJavac NO-SOURCE
> Task :domain:bundleLibCompileToJarDebug UP-TO-DATE
> Task :domain:bundleLibRuntimeToJarDebug UP-TO-DATE
> Task :domain:processDebugJavaRes UP-TO-DATE
> Task :domain:bundleLibRuntimeToDirDebug UP-TO-DATE
> Task :domain:extractDebugAnnotations UP-TO-DATE
> Task :domain:mergeDebugGeneratedProguardFiles UP-TO-DATE
> Task :domain:mergeDebugConsumerProguardFiles UP-TO-DATE
> Task :domain:mergeDebugJavaResource UP-TO-DATE
> Task :domain:syncDebugLibJars UP-TO-DATE
> Task :domain:bundleDebugAar UP-TO-DATE
> Task :domain:assembleDebug UP-TO-DATE
> Task :core:compileDebugKotlin
> Task :core:compileDebugJavaWithJavac
> Task :core:transformDebugClassesWithAsm UP-TO-DATE
> Task :core:bundleLibCompileToJarDebug UP-TO-DATE
> Task :core:bundleLibRuntimeToJarDebug UP-TO-DATE
> Task :core:processDebugJavaRes UP-TO-DATE
> Task :core:bundleLibRuntimeToDirDebug UP-TO-DATE
> Task :core:extractDebugAnnotations UP-TO-DATE
> Task :core:mergeDebugGeneratedProguardFiles UP-TO-DATE
> Task :core:mergeDebugConsumerProguardFiles UP-TO-DATE
> Task :core:mergeDebugJavaResource UP-TO-DATE
> Task :core:syncDebugLibJars UP-TO-DATE
> Task :core:bundleDebugAar UP-TO-DATE
> Task :core:assembleDebug UP-TO-DATE
> Task :data:kspDebugKotlin
> Task :presentation:kspDebugKotlin
> Task :data:compileDebugKotlin
> Task :data:compileDebugJavaWithJavac
> Task :data:copyRoomSchemas NO-SOURCE
> Task :data:transformDebugClassesWithAsm UP-TO-DATE
> Task :data:bundleLibCompileToJarDebug UP-TO-DATE
> Task :data:bundleLibRuntimeToJarDebug UP-TO-DATE
> Task :data:processDebugJavaRes UP-TO-DATE
> Task :data:bundleLibRuntimeToDirDebug UP-TO-DATE
> Task :data:extractDebugAnnotations UP-TO-DATE
> Task :data:mergeDebugGeneratedProguardFiles UP-TO-DATE
> Task :data:mergeDebugConsumerProguardFiles UP-TO-DATE
> Task :data:mergeDebugJavaResource UP-TO-DATE
> Task :data:syncDebugLibJars UP-TO-DATE
> Task :data:bundleDebugAar UP-TO-DATE
> Task :data:assembleDebug UP-TO-DATE
> Task :presentation:compileDebugKotlin
> Task :presentation:compileDebugJavaWithJavac
> Task :presentation:transformDebugClassesWithAsm UP-TO-DATE
> Task :presentation:bundleLibCompileToJarDebug UP-TO-DATE
> Task :presentation:bundleLibRuntimeToJarDebug UP-TO-DATE
> Task :presentation:processDebugJavaRes UP-TO-DATE
> Task :presentation:bundleLibRuntimeToDirDebug UP-TO-DATE
> Task :presentation:extractDebugAnnotations UP-TO-DATE
> Task :presentation:mergeDebugGeneratedProguardFiles UP-TO-DATE
> Task :presentation:mergeDebugConsumerProguardFiles UP-TO-DATE
> Task :presentation:mergeDebugJavaResource UP-TO-DATE
> Task :presentation:syncDebugLibJars UP-TO-DATE
> Task :presentation:bundleDebugAar UP-TO-DATE
> Task :presentation:assembleDebug UP-TO-DATE
> Task :app:mergeLibDexDebug UP-TO-DATE
> Task :app:kspDebugKotlin
> Task :app:compileDebugKotlin
> Task :app:compileDebugJavaWithJavac
> Task :app:hiltAggregateDepsDebug UP-TO-DATE

> Task :app:hiltJavaCompileDebug
Note: C:\Users\Antareza\StudioProjects\GithBuz\app\build\generated\hilt\component_sources\debug\com\azer\githbuz\Hilt_MainApp.java uses or overrides a deprecated API.
Note: Recompile with -Xlint:deprecation for details.

> Task :app:processDebugJavaRes UP-TO-DATE
> Task :app:transformDebugClassesWithAsm
> Task :app:mergeDebugJavaResource UP-TO-DATE
> Task :app:dexBuilderDebug
> Task :app:mergeDebugGlobalSynthetics UP-TO-DATE
> Task :app:mergeProjectDexDebug
> Task :app:packageDebug
> Task :app:createDebugApkListingFileRedirect
> Task :app:assembleDebug

[Incubating] Problems report is available at: file:///C:/Users/Antareza/StudioProjects/GithBuz/build/reports/problems/problems-report.html

Deprecated Gradle features were used in this build, making it incompatible with Gradle 10.

You can use '--warning-mode all' to show the individual deprecation warnings and determine if they come from your own scripts or plugins.

For more on this, please refer to https://docs.gradle.org/9.1.0/userguide/command_line_interface.html#sec:command_line_warnings in the Gradle documentation.

BUILD SUCCESSFUL in 1m 9s
171 actionable tasks: 28 executed, 143 up-to-date
Consider enabling configuration cache to speed up this build: https://docs.gradle.org/9.1.0/userguide/configuration_cache_enabling.html
